[    0,0232] Program Path: D:\PCSX2-test\pcsx2-qt.exe
[    0,0233] AppRoot Directory: D:\PCSX2-test
[    0,0233] Resources Directory: D:\PCSX2-test\resources
[    0,0234] DataRoot Directory: D:\PCSX2-test
[    0,0235] Loading config from D:\PCSX2-test\inis\PCSX2.ini.
[    0,0240] Loading secrets from D:\PCSX2-test\inis\secrets.ini.
[    0,0250] BIOS Directory: D:\PCSX2-test\bios
[    0,0251] Snapshots Directory: D:\PCSX2-test\snaps
[    0,0251] Savestates Directory: D:\PCSX2-test\sstates
[    0,0251] MemoryCards Directory: D:\PCSX2-test\memcards
[    0,0251] Logs Directory: D:\PCSX2-test\logs
[    0,0251] Cheats Directory: D:\PCSX2-test\cheats
[    0,0251] Patches Directory: D:\PCSX2-test\patches
[    0,0251] Covers Directory: D:\PCSX2-test\covers
[    0,0254] Game Settings Directory: D:\PCSX2-test\gamesettings
[    0,0254] Resources Directory: D:\PCSX2-test\resources
[    0,0254] User Resources Directory: D:\PCSX2-test\resources
[    0,0254] Cache Directory: D:\PCSX2-test\cache
[    0,0254] Textures Directory: D:\PCSX2-test\textures
[    0,0254] Input Profile Directory: D:\PCSX2-test\inputprofiles
[    0,0254] Video Dumping Directory: D:\PCSX2-test\videos
[    0,0255] Debugger Layouts Directory: D:\PCSX2-test\inis\debuggerlayouts
[    0,0255] Debugger Settings Directory: D:\PCSX2-test\inis\debuggersettings
[    0,0265] Loaded translation file for language ru-RU
[    0,0291] PCSX2 v2.6.3
[    0,0291] Savestate version: 0x9a550000
[    0,0291] 
[    0,0292] 
[    0,0292] Host Machine Init:
[    0,0293]   Operating System = Microsoft Windows 10+
[    0,0293]   Available RAM    = 5317 MB (5.19 GB)
[    0,0293]   Physical RAM     = 15771 MB (15.40 GB)
[    0,0293] 
[    0,0293]   Processor        = AMD Ryzen 7 5800U with
[    0,0293]   Core Count       = 8 cores
[    0,0293]   Thread Count     = 16 threads
[    0,0293]   Cluster Count    = 1 clusters
[    0,0320]   Power Profile    = 'Quiet Mode'
[    0,0320]   Power States (min/max)
[    0,0320]     AC             = 5% / 100%
[    0,0320]     Battery        = 5% / 100%
[    0,0320] 
[    0,0320] CPU Extensions Detected:
[    0,0320]   AVX AVX2
[    0,0320] 
[    0,0321] Graphics Adapters Detected:
[    0,0422]   GPU              = AMD Radeon(TM) Graphics
[    0,0422]   Driver Version   = 31.0.21923.11000
[    0,0422] 
[    0,0427]   GPU              = Microsoft Basic Render Driver
[    0,0427]   Driver Version   = 10.0.26100.9278
[    0,0427] 
[    0,0427] Allocating host memory for virtual systems...
[    0,0428] Data Memory                      @ 0x00007FF7F0000000 -> 0x00007FF7F9F00000 [159mb]
[    0,0428] Code Memory                      @ 0x00007FF7F9F00000 -> 0x00007FF80D000000 [305mb]
[    0,0428]   EE Main Memory                   @ 0x00007FF7F0000000 -> 0x00007FF7F8F00000 [143mb]
[    0,0428]   IOP Main Memory                  @ 0x00007FF7F8F00000 -> 0x00007FF7F9200000 [3mb]
[    0,0428]   VU0/1 On-Chip Memory             @ 0x00007FF7F9200000 -> 0x00007FF7F9300000 [1mb]
[    0,0428]   VTLB Virtual Map                 @ 0x00007FF7F9300000 -> 0x00007FF7F9B00000 [8mb]
[    0,0428]   VTLB Address Map                 @ 0x00007FF7F9B00000 -> 0x00007FF7F9F00000 [4mb]
[    0,0428]   R5900 Recompiler Cache           @ 0x00007FF7F9F00000 -> 0x00007FF7FDF00000 [64mb]
[    0,0428]   R3000A Recompiler Cache          @ 0x00007FF7FDF00000 -> 0x00007FF7FFF00000 [32mb]
[    0,0428]   Micro VU0 Recompiler Cache       @ 0x00007FF800F00000 -> 0x00007FF804F00000 [64mb]
[    0,0428]   Micro VU0 Recompiler Cache       @ 0x00007FF804F00000 -> 0x00007FF808F00000 [64mb]
[    0,0428]   VIF0 Unpack Recompiler Cache     @ 0x00007FF7FFF00000 -> 0x00007FF800700000 [8mb]
[    0,0428]   VIF1 Unpack Recompiler Cache     @ 0x00007FF800700000 -> 0x00007FF800F00000 [8mb]
[    0,0428]   VIF Unpack Recompiler Cache      @ 0x00007FF808F00000 -> 0x00007FF809000000 [1mb]
[    0,0429]   GS Software Renderer             @ 0x00007FF809000000 -> 0x00007FF80D000000 [64mb]
[    0,0438] Fastmem area: 000002212AD90000 - 000002222AD8FFFF
[    0,0446] Generating SSE-optimized unpacking functions for VIF interpreters...
[    0,0448] Unpack function generation complete.  Generated function statistics:
[    0,0448]   Reserved buffer    : 1048576 bytes @ 0x00007FF808F00000
[    0,0448]   x86 code generated : 7344 bytes
[    0,0448] 
[    0,0455] SDLInputSource: Using Controller DB from resources.
[    0,0788] SDLInputSource: 862 gamepad mappings are loaded.
[    0,1377] Scanning D:\PCSX2\games (recursively)
[    0,1383] Surface refresh rate: 60 hz
[    0,1421] Enumerated 0 devices
[    0,1425] Settings: Advanced Settings are enabled; only proceed if you know what you're doing! No support will be provided if you have the option enabled.
[    0,1426] Loading BIOS...
[    0,1428] BIOS Found: Europe  v02.00(04/11/2004)  Console 20041105-175839
[    0,1464] BIOS rom1 module not found, skipping...
[    0,1465] BIOS rom2 module not found, skipping...
[    0,1468] Mechacon version: 0x00020603
[    0,1468] Opening CDVD...
[    0,1513] Initializing Elf: 6986600 bytes
[    0,1522] Disc changed to .
[    0,1522]   Name: SRB2 [?]
[    0,1523]   Serial: SRB2
[    0,1523]   Version: 
[    0,1523]   CRC: A8F2EEAA
[    0,1524] No game settings found (tried 'D:\PCSX2-test\gamesettings\A8F2EEAA.ini')
[    0,1525] Applying settings...
[    0,1532] [Unsafe Settings] Graphics API is not set to Automatic. This may cause performance problems and graphical issues.
[    0,1533] OSD [unsafe_settings_warning]:  Graphics API is not set to Automatic. This may cause performance problems and graphical issues.
[    0,1534] GameDB: Has not been initialized yet, initializing...
[    0,1957] GameDB: 12838 games on record (loaded in 42,22ms)
[    0,2210] Reopening memory cards...
[    0,2212] McdSlot 0 [File]: Mcd001.ps2 [8 MB, UNFORMATTED]
[    0,2213] McdSlot 1 [File]: Mcd002.ps2 [8 MB, UNFORMATTED]
[    0,2223] HLE Host: Set 'host:' root path to: D:\Ai-Project3\SRB2-PS2-Port\build\g1-final
[    0,2223] 
[    0,2226] EE/iR5900 Recompiler Reset
[    0,2532] iR3000A Recompiler reset.
[    0,2610] mVU Reset
[    0,2613] mVU Reset
[    0,2713] Resetting host memory for virtual systems...
[    0,5932] Time Zone Offset: GMT+00:00
[    0,5933] Time Zone Location: London
[    0,5933] DST: Winter Time
[    0,5933] Time Format: 24-Hour
[    0,5933] Date Format: YYYY/MM/DD
[    0,5933] System Time Basis: Operating System Time
[    0,5933] Resulting System Time: 2026-10-01 04:35:48
[    0,5933] Close virtual disk tray
[    0,5933] Media already loaded (fast boot)
[    0,5933] Opening GS...
[    0,5960] acquireRenderWindow() recreate=true fullscreen=false render_to_main=false surfaceless=false
[    0,5993] Surface refresh rate: 60 hz
[    0,6161] VK: Enabling extension: VK_KHR_surface
[    0,6161] VK: Enabling extension: VK_KHR_win32_surface
[    0,6162] VK: Enabling extension: VK_KHR_get_surface_capabilities2
[    0,6480] GPU 0: AMD Radeon(TM) Graphics
[    0,6481] 3 vulkan queue families
[    0,6481] VK: Enabling extension: VK_KHR_swapchain
[    0,6481] VK: Enabling extension: VK_KHR_push_descriptor
[    0,6481] VK: Enabling extension: VK_EXT_provoking_vertex
[    0,6481] VK: Enabling extension: VK_EXT_memory_budget
[    0,6482] VK: Enabling extension: VK_EXT_calibrated_timestamps
[    0,6482] VK: Enabling extension: VK_EXT_attachment_feedback_loop_layout
[    0,6482] VK: Enabling extension: VK_EXT_line_rasterization
[    0,6482] VK: Enabling extension: VK_KHR_driver_properties
[    0,6482] VK: Enabling extension: VK_EXT_full_screen_exclusive
[    0,6573] GPU timing is supported (TS=1 TS valid bits=64, TS period=10,000000)
[    0,6574] VK_EXT_provoking_vertex is supported
[    0,6574] VK_EXT_memory_budget is supported
[    0,6574] VK_EXT_calibrated_timestamps is supported
[    0,6574] VK_EXT_rasterization_order_attachment_access is NOT supported
[    0,6574] VK_EXT_swapchain_maintenance1 is NOT supported
[    0,6574] VK_EXT_full_screen_exclusive is supported
[    0,6574] VK_KHR_driver_properties is supported
[    0,6574] VK_EXT_attachment_feedback_loop_layout is supported
[    0,6591] Read 62 entries from 'D:\PCSX2-test\cache\vulkan_shaders.idx'
[    0,6662] Creating a swap chain with 2 images in present mode VK_PRESENT_MODE_IMMEDIATE_KHR
[    0,6769] Optional features: primitive_id texture_barrier provoking_vertex_last vs_expand
[    0,6769] Using hardware for point expansion and hardware for line expansion.
[    0,7957] Vulkan Graphics Driver Info:
[    0,7958] Driver 2.0.279
[    0,7958] Vulkan 1.3.260
[    0,7958] Conformance Version 1.3.3.1
[    0,7958] 25.8.1 (AMD proprietary shader compiler)
[    0,7958] AMD proprietary driver
[    0,7958] AMD Radeon(TM) Graphics
[    0,7991] Opening SPU2...
[    0,8001] Creating Cubeb audio stream, sample rate = 48000, expansion = Disabled, buffer = 50, latency = 20, stretching enabled, driver = , device = 
[    0,8413] cubeb_wasapi.cpp:1912:default device period: 100000, minimum device period: 30000
[    0,8413] cubeb_wasapi.cpp:1927:Minimum latency in frames: 480
[    0,8413] Minimum latency: 10 ms (480 audio frames)
[    0,8414] Allocated buffer of 38400 frames for buffer of 50 ms [expansion Disabled (block size 2048), stretch enabled, target size 2432].
[    0,8415] cubeb_wasapi.cpp:2617:(0000022109A03E30) Setup render: device=0000000000000000
[    0,8437] cubeb_wasapi.cpp:2333:Setup requested=[f=0 r=48000 c=2 l=3] mix=[f=0 r=48000 c=2 l=3]
[    1,1411] cubeb_wasapi.cpp:2431:Buffer size is: 1056 for render
[    1,1411] 
[    1,1412] cubeb_wasapi.cpp:2668:Target sample rate: 48000
[    1,1412] cubeb_resampler_internal.h:553:Input and output sample-rate match, target rate of 48000Hz
[    1,1412] cubeb_wasapi.cpp:2870:Follow the system default input or/and output devices
[    1,1421] cubeb_wasapi.cpp:2898:Stream init successful (0000022109A03E30)
[    1,1461] Initializing Pad...
[    1,1461] Initializing SIO2...
[    1,1461] Initializing SIO0...
[    1,1462] Opening DEV9...
[    1,1462] DEV9: DEV9init
[    1,1463] DEV9: DEV9init2
[    1,1463] DEV9: DEV9init3
[    1,1514] DEV9: DEV9init ok
[    1,1515] DEV9: DEV9open
[    1,1515] Opening USB...
[    1,1515] Opening FW...
[    1,1518] Frame rate: 60, target speed: 1, target frame rate: 60, ticks per frame: 166666
[    1,1690] VM subsystems initialized in 1026,54 ms
[    1,1913] # Initialize memory (rev:3.63, ctm:196Mhz, cpuclk:147Mhz detected)
[    1,3807] R3000 Debugger: Branch to 0x890 (SYSMEM). Clearing modules.
[    1,3827] RegisterLibraryEntries: excepman version 1.01
[    1,3838] RegisterLibraryEntries:  intrman version 1.02
[    1,3840] RegisterLibraryEntries:   ssbusc version 1.01
[    1,3843] RegisterLibraryEntries:  dmacman version 1.02
[    1,3848] RegisterLibraryEntries:  timrman version 1.01
[    1,3851] RegisterLibraryEntries:  sysclib version 1.01
[    1,3852] RegisterLibraryEntries:    stdio version 1.01
[    1,3854] RegisterLibraryEntries:  heaplib version 1.01
[    1,3869] RegisterLibraryEntries:   thbase version 1.01
[    1,3871] RegisterLibraryEntries:  thevent version 1.01
[    1,3872] RegisterLibraryEntries:  thsemap version 1.01
[    1,3872] RegisterLibraryEntries:  thmsgbx version 1.01
[    1,3872] RegisterLibraryEntries:  thfpool version 1.01
[    1,3873] RegisterLibraryEntries:  thvpool version 1.01
[    1,3879] Updating psxCounter[5] mode old repeat 1 new 0 old toggle 0 new 0
[    1,3882] RegisterLibraryEntries:   vblank version 1.01
[    1,3888] RegisterLibraryEntries:    ioman version 1.02
[    1,3896] RegisterLibraryEntries:  modload version 1.01
[    1,3900] RegisterLibraryEntries:   romdrv version 2.01
[    1,3902] RegisterLibraryEntries:    stdio version 1.02
[    1,3907] RegisterLibraryEntries:   sifman version 1.01
[    1,3910] 
[    1,3910] PlayStation 2 ======== Hard reset boot
[    1,3912]  ROMGEN=2001-1004, IOP info (CPUID=1f, CACH_CONFIG=0, 2MB, IOP mode)
[    1,3914]  <20041105-175839,ROMconf,PS20200EC20041105.bin:11520>
[    1,3959] # Total accessable memory size: 32 MB (B:2:8:0) (363:2:7c30)
[    1,3971] # TLB spad=0 kernel=1:12 default=13:30 extended=31:38
[    3,0471] # Initialize Start.
[    3,0475] # Initialize GS ...
[    3,0475] # Initialize INTC ...
[    3,0475] # Initialize TIMER ...
[    3,0476] # Initialize DMAC ...
[    3,0477] # Initialize VU1 ...
[    3,0480] # Initialize VIF1 ...
[    3,0481] # Initialize GIF ...
[    3,0481] # Initialize VU0 ...
[    3,0482] # Initialize VIF0 ...
[    3,0483] # Initialize IPU ...
[    3,0484] # Initialize FPU ...
[    3,0485] # Initialize User Memory ...
[    3,0914] # Initialize Scratch Pad ...
[    3,0916] # Initialize Done.
[    3,0929] 
[    3,0929] EE DECI2 Manager version 0.06 Jul  4 2001 16:03:45
[    3,0929]   CPUID=2e20, BoardID=0, ROMGEN=2001-1004, 32M
[    3,0930] 
[    3,0933] RegisterLibraryEntries:   sifcmd version 1.01
[    3,0973] Initializing Elf: 6986600 bytes
[    3,0995] ELF Loading: host:D:\Ai-Project3\SRB2-PS2-Port\build\g1-final\SRB2.ELF, Game CRC = A8F2EEAA, EntryPoint = 0x001018E8
[    3,1030] RegisterLibraryEntries:  cdvdman version 1.01
[    3,1044] RegisterLibraryEntries:  cdvdfsv version 1.01
[    3,1064] RegisterLibraryEntries:  secrman version 1.03
[    3,1071] RegisterLibraryEntries:   eesync version 1.01
[    3,1075] 
[    3,1075] IOP Realtime Kernel Ver.0.9.1
[    3,1076]     Copyright 1999 (C) Sony Computer Entertainment Inc. 
[    3,1086] Reboot service module.(99/11/10)
[    3,1112] cdvd driver module version 0.1.1 (C)SCEI
[    3,1118] Load File service.(99/11/05)
[    3,1119] Multi Threaded Fileio module.(99/11/15) 
[    3,1119] iop heap service (99/11/03)
[    3,1203] loadelf: fname host:D:Ai-Project3SRB2-PS2-Portbuildg1-finalSRB2.ELF secname all
[    3,1203] loadelf version 3.30
[    3,1208] Input ELF format filename = host:D:Ai-Project3SRB2-PS2-Portbuildg1-finalSRB2.ELF
[    3,1254] 1 00100000 0035b184 ......................................................
[    3,1255] Loaded, host:D:Ai-Project3SRB2-PS2-Portbuildg1-finalSRB2.ELF
[    3,1256] start address 0x1018e8
[    3,1256] gp address 00000000
[    3,1260] eeloadHook2: Supplying launch argument(s) '-logfile boot.txt -ps2ref host:/refout -config reference.cfg -nolog -noendtxt -skipintro -ps2ref-idle 600 -g1profile -memtrace' to ELF ''.
[    3,1264] # Restart Without Memory Clear.
[    3,1361] # Initialize GS ...
[    3,1362] # Initialize INTC ...
[    3,1363] # Initialize TIMER ...
[    3,1363] # Initialize DMAC ...
[    3,1363] # Initialize VU1 ...
[    3,1366] # Initialize VIF1 ...
[    3,1366] # Initialize GIF ...
[    3,1366] # Initialize VU0 ...
[    3,1366] # Initialize VIF0 ...
[    3,1366] # Initialize IPU ...
[    3,1366] # Initialize FPU ...
[    3,1366] # Initialize Scratch Pad ...
[    3,1367] # Restart Without Memory Clear Done.
[    3,1368] ELF host:D:\Ai-Project3\SRB2-PS2-Port\build\g1-final\SRB2.ELF with entry point at 0x001018E8 is executing.
[    3,1368] ELF changed, active CRC A8F2EEAA (host:D:\Ai-Project3\SRB2-PS2-Port\build\g1-final\SRB2.ELF)
[    3,1375] Applying core settings...
[    3,1379] Updating CPU configuration...
[    3,1380] iR3000A Recompiler reset.
[    3,1445] mVU Reset
[    3,1446] mVU Reset
[    3,2152] iR3000A Recompiler reset.
[    3,2196] mVU Reset
[    3,2197] mVU Reset
[    3,2410] EE/iR5900 Recompiler Reset
[    3,2685] BIOS: Successfully found the instruction pattern. Assuming the thread list is here: 8001a580
[    3,2709] Warning: GetOsdConfigParam2 Reading extended language/version configs, may be incorrect!
[    3,2771] read/write allocate memory 4000
[    3,2773] PS2BOOT start argc=13
[    3,2809] RegisterLibraryEntries:  sio2man version 2.07
[    3,2810] RegisterLibraryEntries:  sio2man version 1.02
[    3,2815] PS2BOOT module sio2man id=25 ret=0
[    3,2821] RegisterLibraryEntries:   padman version 1.02
[    3,2823] Pad Driver for OSD
[    3,2825] PS2BOOT module padman id=26 ret=0
[    3,2827] RegisterLibraryEntries:   iomanx version 1.01
[    3,2831] PS2BOOT module iomanX id=27 ret=0
[    3,2839] fileXio: fileXio: fileXio RPC Server v1.00
[    3,2839] Copyright (c) 2003 adresd
[    3,2841] PS2BOOT module fileXio id=28 ret=0
[    3,2844] RegisterLibraryEntries: poweroff version 1.01
[    3,2845] Poweroff_Handler: Poweroff installed
[    3,2846] PS2BOOT module poweroff id=29 ret=0
[    3,2852] PS2BOOT poweroffInit ok=1
[    3,2861] PS2BOOT boot=host:/ data=host: home=host: host=1 iopreset=0 args=14 (ps2args lines: 0)
[    3,2888] Setting up SRB2...
[    3,2928] 
[    3,2928] 
[    3,2929] Sonic Robo Blast 2
[    3,2929] Copyright (C) 1998-2025 by Sonic Team Junior
[    3,2929] 
[    3,2929] This program comes with ABSOLUTELY NO WARRANTY.
[    3,2929] 
[    3,2929] This is free software, and you are welcome to redistribute it
[    3,2929] and/or modify it under the terms of the GNU General Public License
[    3,2929] as published by the Free Software Foundation; either version 2 of
[    3,2929] the License, or (at your option) any later version.
[    3,2929] See the 'LICENSE.txt' file for details.
[    3,2929] 
[    3,2929] Sonic the Hedgehog and related characters are trademarks of SEGA.
[    3,2929] We do not claim ownership of SEGA's intellectual property used
[    3,2929] in this program.
[    3,2929] 
[    3,2934] M_StartupLocale...
[    3,3046] Looking for WADs in: host: (found)
[    3,3196] Z_Init(): Init zone memory allocation daemon. 
[    3,3199] System memory: 32MB - Free: 26MB
[    3,3209] I_InitializeTime()...
[    3,3232] [mem] t=0.14s heap_in_use=136K zone_static=53K zone_cache=0K
[    3,3293] W_InitMultipleFiles(): Adding IWAD and main PWADs.
[    3,3724] Added file host:/SRB2.PAK (12614 lumps)
[    3,3728] [mem] t=0.21s heap_in_use=1326K zone_static=1178K zone_cache=0K
[    3,3753] Loading SOC from host:/SRB2.PAK|SOC/SOC_LETR
[    3,3791] Loading SOC from host:/SRB2.PAK|SOC/SOC_TITL
[    3,3946] Added file host:/ZONES.PAK (169 lumps)
[    3,3949] [mem] t=0.23s heap_in_use=1537K zone_static=1196K zone_cache=0K
[    3,3950] Loading SOC from host:/ZONES.PAK|SOC/SOC_EMBM.txt
[    3,4225] Loading SOC from host:/ZONES.PAK|SOC/SOC_HEAD.txt
[    3,4380] Loading SOC from host:/ZONES.PAK|SOC/SOC_SECR.txt
[    3,4415] Loading SOC from host:/ZONES.PAK|SOC/Tutorial.txt
[    3,4654] Added file host:/CHARS.PAK (2054 lumps)
[    3,4657] [mem] t=0.30s heap_in_use=1861K zone_static=1444K zone_cache=0K
[    3,4663] Loading SOC from host:/CHARS.PAK|SOC/Characters.txt
[    3,4720] Added file host:/MUSIC.PAK (215 lumps)
[    3,4723] [mem] t=0.31s heap_in_use=1944K zone_static=1463K zone_cache=0K
[    3,4728] I_StartupGraphics()...
[    3,4730] [mem] t=0.31s heap_in_use=1945K zone_static=1464K zone_cache=0K
[    3,4738] open name rom0:ROMVER flag 1 data 41378
[    3,4743] open fd = 2
[    3,4769] UpdateVSyncRate: Mode Changed to PAL.
[    3,4769] Frame rate: 49.76, target speed: 1, target frame rate: 49.76, ticks per frame: 200964
[    3,4769] Set GS CRTC configuration. PAL  640x512 @ 50.000 (49.76) Interlaced (FIELD)
[    3,4773] UpdateVSyncRate: Mode Changed to PAL.
[    3,4773] Frame rate: 50, target speed: 1, target frame rate: 50, ticks per frame: 200000
[    3,5349] Number of console HUD lines is now 5
[    4,3301] [EE] Skipping timeout loop at 0x00101DA8 -> 0x00101DC8
[    4,5894] Pad: DS2 Config Finished - P1/S1 - AL: Off - AB: Usable - VS: Disabled - VL: Disabled - RB: D (0x00000000)
[    5,6515] PS2 pad: ports 6/0 (state 6 = ready) after 1300 ms
[    5,7494] Pad: DS2 Config Finished - P1/S1 - AL: On - AB: Locked - VS: Disabled - VL: Disabled - RB: D (0x00000000)
[    5,9899] Pad: DS2 Config Finished - P1/S1 - AL: On - AB: Locked - VS: Disabled - VL: Disabled - RB: D (0x00000000)
[    6,1095] Pad: DS2 Config Finished - P1/S1 - AL: On - AB: Locked - VS: Normal - VL: Normal - RB: D (0x00000000)
[    6,1306] PS2 pad: joystick 1 is port 1
[    6,1334] PS2 pad: joystick 2 is port 2
[    6,1582] HU_LoadGraphics()...
[    6,1585] [mem] t=3.00s heap_in_use=2520K zone_static=1534K zone_cache=0K
[    6,4312] config file: reference.cfg
[    6,4387] Executing reference.cfg
[    6,5171] Default resolution: 1280 x 800
[    6,5319] Windowed resolution: 640 x 400
[    6,5505] Default bit depth: 16 bits
[    6,5550] M_Init(): Init miscellaneous info.
[    6,5731] R_Init(): Init SRB2 refresh daemon.
[    6,5899] R_LoadParsedTranslations()...
[    6,5907] [mem] t=3.42s heap_in_use=2991K zone_static=1535K zone_cache=0K
[    6,5931] R_LoadTextures()...
[    6,5933] [mem] t=3.44s heap_in_use=2991K zone_static=1535K zone_cache=0K
[   10,6938] P_InitPicAnims()...
[   10,6953] [mem] t=7.54s heap_in_use=4038K zone_static=2415K zone_cache=0K
[   10,7529] R_InitSprites()...
[   10,7534] [mem] t=7.60s heap_in_use=4041K zone_static=2415K zone_cache=0K
[   12,0530] SRB2.PAK added 5261 frames in 391 sprites
[   12,4316] R_InitColormaps()...
[   12,4326] [mem] t=9.27s heap_in_use=5414K zone_static=3752K zone_cache=0K
[   12,9336] S_InitSfxChannels(): Setting up sound channels.
[   12,9539] ST_Init(): Init status bar.
[   13,0171] D_CheckNetGame(): Checking network game status.
[   14,3766] Entering main game loop...
[   14,3774] ===========================================================================
[   14,3774]                    We hope you enjoy this game as
[   14,3774]                      much as we did making it!
[   14,3774]                             ...wait. =P
[   14,3774] ===========================================================================
[   14,3782] Sonic Robo Blast 2 Banpyura v2.2.15 (Oct  1 2026 14:34:15 732fbab ps2) PS2 32-bit 
[   15,4102] G1 idle seconds=0 frames=1 zone_payload=15235345 cop0_framegap_min=0 max=0 mean=0
[   23,4737] G1 gs_submit samples=350 cop0_min=9209 max=9429 mean=9211
[   33,4912] G1 gs_submit samples=700 cop0_min=9206 max=9429 mean=9210
[   43,4937] G1 gs_submit samples=1050 cop0_min=9206 max=9429 mean=9209
[   53,4946] G1 gs_submit samples=1400 cop0_min=9206 max=12730 mean=9212
[   63,5110] G1 gs_submit samples=1750 cop0_min=9206 max=12730 mean=9211
[   73,5107] G1 gs_submit samples=2100 cop0_min=9206 max=12730 mean=9211
[   75,4320] G1 idle seconds=60 frames=2096 zone_payload=15631553 cop0_framegap_min=7098851 max=33222902 mean=8449453
[   83,5931] G1 gs_submit samples=2450 cop0_min=9206 max=12730 mean=9211
[   93,5939] G1 gs_submit samples=2800 cop0_min=9206 max=12730 mean=9211
[  103,6110] G1 gs_submit samples=3150 cop0_min=9206 max=12730 mean=9210
[  113,6124] G1 gs_submit samples=3500 cop0_min=9206 max=12730 mean=9210
[  123,6134] G1 gs_submit samples=3850 cop0_min=9206 max=12730 mean=9210
[  133,6298] G1 gs_submit samples=4200 cop0_min=9206 max=12730 mean=9210
[  135,4535] G1 idle seconds=120 frames=4192 zone_payload=15631553 cop0_framegap_min=7098851 max=33222902 mean=8445803
[  143,7317] G1 gs_submit samples=4550 cop0_min=9206 max=12730 mean=9210
[  153,7324] G1 gs_submit samples=4900 cop0_min=9206 max=12730 mean=9210
[  163,7334] G1 gs_submit samples=5250 cop0_min=9206 max=12730 mean=9210
[  173,7507] G1 gs_submit samples=5600 cop0_min=9206 max=12730 mean=9210
[  183,7729] G1 gs_submit samples=5950 cop0_min=9206 max=12730 mean=9209
[  193,7731] G1 gs_submit samples=6300 cop0_min=9206 max=12730 mean=9209
[  195,4724] G1 idle seconds=180 frames=6288 zone_payload=15631553 cop0_framegap_min=7098851 max=33222902 mean=8444602
[  203,8905] G1 gs_submit samples=6650 cop0_min=9206 max=12730 mean=9209
[  213,8914] G1 gs_submit samples=7000 cop0_min=9206 max=12730 mean=9210
[  223,8930] G1 gs_submit samples=7350 cop0_min=9206 max=12730 mean=9210
[  233,8935] G1 gs_submit samples=7700 cop0_min=9206 max=12730 mean=9210
[  243,9108] G1 gs_submit samples=8050 cop0_min=9206 max=12730 mean=9210
[  253,9116] G1 gs_submit samples=8400 cop0_min=9206 max=12730 mean=9210
[  255,4924] G1 idle seconds=240 frames=8384 zone_payload=15631553 cop0_framegap_min=7098851 max=33222902 mean=8444007
[  263,9946] G1 gs_submit samples=8750 cop0_min=9206 max=12730 mean=9210
[  274,0113] G1 gs_submit samples=9100 cop0_min=9206 max=12730 mean=9209
[  284,0111] G1 gs_submit samples=9450 cop0_min=9206 max=12730 mean=9209
[  294,0130] G1 gs_submit samples=9800 cop0_min=9206 max=12730 mean=9209
[  304,0301] G1 gs_submit samples=10150 cop0_min=9206 max=12730 mean=9209
[  314,0307] G1 gs_submit samples=10500 cop0_min=9206 max=12730 mean=9209
[  315,4925] G1 idle seconds=300 frames=10480 zone_payload=15631553 cop0_framegap_min=7098851 max=33222902 mean=8443639
[  324,1125] G1 gs_submit samples=10850 cop0_min=9206 max=12730 mean=9209
[  334,1128] G1 gs_submit samples=11200 cop0_min=9206 max=12730 mean=9209
[  344,1304] G1 gs_submit samples=11550 cop0_min=9206 max=12730 mean=9209
[  354,1313] G1 gs_submit samples=11900 cop0_min=9206 max=12730 mean=9209
[  364,1734] G1 gs_submit samples=12250 cop0_min=9206 max=12730 mean=9209
[  374,1904] G1 gs_submit samples=12600 cop0_min=9206 max=12730 mean=9209
[  375,5532] G1 idle seconds=360 frames=12576 zone_payload=15631553 cop0_framegap_min=7098851 max=33222902 mean=8443444
[  384,2915] G1 gs_submit samples=12950 cop0_min=9206 max=12730 mean=9209
[  394,2926] G1 gs_submit samples=13300 cop0_min=9206 max=12730 mean=9209
[  404,3099] G1 gs_submit samples=13650 cop0_min=9206 max=12730 mean=9209
[  414,3108] G1 gs_submit samples=14000 cop0_min=9206 max=12730 mean=9209
[  424,3118] G1 gs_submit samples=14350 cop0_min=9206 max=12730 mean=9209
[  434,3140] G1 gs_submit samples=14700 cop0_min=9206 max=12730 mean=9209
[  435,5526] G1 idle seconds=420 frames=14672 zone_payload=15631553 cop0_framegap_min=7098851 max=33297400 mean=8443278
[  444,4107] G1 gs_submit samples=15050 cop0_min=9206 max=12730 mean=9209
[  454,4324] G1 gs_submit samples=15400 cop0_min=9206 max=12730 mean=9209
[  464,4333] G1 gs_submit samples=15750 cop0_min=9206 max=12730 mean=9209
[  474,4703] G1 gs_submit samples=16100 cop0_min=9206 max=12730 mean=9209
[  484,4705] G1 gs_submit samples=16450 cop0_min=9206 max=12730 mean=9209
[  494,4920] G1 gs_submit samples=16800 cop0_min=9206 max=12730 mean=9209
[  495,6148] G1 idle seconds=480 frames=16768 zone_payload=15631553 cop0_framegap_min=7098851 max=33297400 mean=8443148
[  504,5901] G1 gs_submit samples=17150 cop0_min=9206 max=12730 mean=9209
[  514,5916] G1 gs_submit samples=17500 cop0_min=9206 max=12730 mean=9209
[  524,5928] G1 gs_submit samples=17850 cop0_min=9206 max=12730 mean=9209
[  534,5928] G1 gs_submit samples=18200 cop0_min=9206 max=12730 mean=9209
[  544,6101] G1 gs_submit samples=18550 cop0_min=9206 max=12730 mean=9209
[  554,6111] G1 gs_submit samples=18900 cop0_min=9206 max=12730 mean=9209
[  555,6140] G1 idle seconds=540 frames=18864 zone_payload=15631553 cop0_framegap_min=7098851 max=33297400 mean=8443045
[  564,6931] G1 gs_submit samples=19250 cop0_min=9206 max=12730 mean=9209
[  574,7106] G1 gs_submit samples=19600 cop0_min=9206 max=12730 mean=9209
[  584,7308] G1 gs_submit samples=19950 cop0_min=9206 max=12730 mean=9209
[  594,7319] G1 gs_submit samples=20300 cop0_min=9206 max=12730 mean=9209
[  604,7337] G1 gs_submit samples=20650 cop0_min=9206 max=12730 mean=9209
[  614,7507] G1 gs_submit samples=21000 cop0_min=9206 max=12730 mean=9209
[  615,6118] G1 idle seconds=600 frames=20959 zone_payload=15631553 cop0_framegap_min=7098851 max=33297400 mean=8442951
[  615,7062] I_ShutdownSystem(): end of logstream.
[  615,7084] PS2BOOT exit code=0 poweroff=1
[  615,7091] sceCdPowerOff called. Shutting down VM.
[  615,7095] Add 0 seconds play time to SRB2 -> now 0
[  615,9267] cubeb_wasapi.cpp:2985:Stream destroy called, decrementing ref count (0000022109A03E30)
[  615,9767] cubeb_wasapi.cpp:1803:0000022109A03E30: Stop and join render thread: 0000000000000898
[  615,9772] cubeb_wasapi.cpp:2953:Stream ref count hit zero, destroying (0000022109A03E30)
[  615,9891] DEV9: DEV9close
[  616,0092] Skipping updating pipeline cache 'D:\PCSX2-test\cache\vulkan_pipelines.bin' due to no changes.
[  616,0276] DEV9: DEV9shutdown
[  616,0278] NVRAM has not changed, not writing to disk.
[  616,0768] Releasing host memory for virtual systems...
