[    0,0513] Program Path: D:\PCSX2\pcsx2-qt.exe
[    0,0515] AppRoot Directory: D:\PCSX2
[    0,0515] Resources Directory: D:\PCSX2\resources
[    0,0517] DataRoot Directory: D:\PCSX2
[    0,0518] Loading config from D:\PCSX2\inis\PCSX2.ini.
[    0,0528] Loading secrets from D:\PCSX2\inis\secrets.ini.
[    0,0558] BIOS Directory: D:\PCSX2\bios
[    0,0559] Snapshots Directory: D:\PCSX2\snaps
[    0,0559] Savestates Directory: D:\PCSX2\sstates
[    0,0560] MemoryCards Directory: D:\PCSX2\memcards
[    0,0560] Logs Directory: D:\PCSX2\logs
[    0,0560] Cheats Directory: D:\PCSX2\cheats
[    0,0560] Patches Directory: D:\PCSX2\patches
[    0,0560] Covers Directory: D:\PCSX2\covers
[    0,0561] Game Settings Directory: D:\PCSX2\gamesettings
[    0,0565] Resources Directory: D:\PCSX2\resources
[    0,0565] User Resources Directory: D:\PCSX2\resources
[    0,0565] Cache Directory: D:\PCSX2\cache
[    0,0565] Textures Directory: D:\PCSX2\textures
[    0,0565] Input Profile Directory: D:\PCSX2\inputprofiles
[    0,0566] Video Dumping Directory: D:\PCSX2\videos
[    0,0566] Debugger Layouts Directory: D:\PCSX2\inis\debuggerlayouts
[    0,0566] Debugger Settings Directory: D:\PCSX2\inis\debuggersettings
[    0,0591] Loaded translation file for language ru-RU
[    0,0628] PCSX2 v2.6.3
[    0,0629] Savestate version: 0x9a550000
[    0,0629] 
[    0,0629] 
[    0,0629] Host Machine Init:
[    0,0630]   Operating System = Microsoft Windows 10+
[    0,0630]   Available RAM    = 3025 MB (2.95 GB)
[    0,0630]   Physical RAM     = 15771 MB (15.40 GB)
[    0,0630] 
[    0,0631]   Processor        = AMD Ryzen 7 5800U with
[    0,0631]   Core Count       = 8 cores
[    0,0631]   Thread Count     = 16 threads
[    0,0631]   Cluster Count    = 1 clusters
[    0,0664]   Power Profile    = 'Quiet Mode'
[    0,0664]   Power States (min/max)
[    0,0664]     AC             = 5% / 100%
[    0,0664]     Battery        = 5% / 100%
[    0,0664] 
[    0,0664] CPU Extensions Detected:
[    0,0665]   AVX AVX2
[    0,0665] 
[    0,0665] Graphics Adapters Detected:
[    0,0843]   GPU              = AMD Radeon(TM) Graphics
[    0,0843]   Driver Version   = 31.0.21923.11000
[    0,0843] 
[    0,0850]   GPU              = Microsoft Basic Render Driver
[    0,0851]   Driver Version   = 10.0.26100.9278
[    0,0851] 
[    0,0851] Allocating host memory for virtual systems...
[    0,0852] Data Memory                      @ 0x00007FF6E0000000 -> 0x00007FF6E9F00000 [159mb]
[    0,0853] Code Memory                      @ 0x00007FF6E9F00000 -> 0x00007FF6FD000000 [305mb]
[    0,0853]   EE Main Memory                   @ 0x00007FF6E0000000 -> 0x00007FF6E8F00000 [143mb]
[    0,0853]   IOP Main Memory                  @ 0x00007FF6E8F00000 -> 0x00007FF6E9200000 [3mb]
[    0,0853]   VU0/1 On-Chip Memory             @ 0x00007FF6E9200000 -> 0x00007FF6E9300000 [1mb]
[    0,0854]   VTLB Virtual Map                 @ 0x00007FF6E9300000 -> 0x00007FF6E9B00000 [8mb]
[    0,0854]   VTLB Address Map                 @ 0x00007FF6E9B00000 -> 0x00007FF6E9F00000 [4mb]
[    0,0855]   R5900 Recompiler Cache           @ 0x00007FF6E9F00000 -> 0x00007FF6EDF00000 [64mb]
[    0,0856]   R3000A Recompiler Cache          @ 0x00007FF6EDF00000 -> 0x00007FF6EFF00000 [32mb]
[    0,0856]   Micro VU0 Recompiler Cache       @ 0x00007FF6F0F00000 -> 0x00007FF6F4F00000 [64mb]
[    0,0856]   Micro VU0 Recompiler Cache       @ 0x00007FF6F4F00000 -> 0x00007FF6F8F00000 [64mb]
[    0,0856]   VIF0 Unpack Recompiler Cache     @ 0x00007FF6EFF00000 -> 0x00007FF6F0700000 [8mb]
[    0,0856]   VIF1 Unpack Recompiler Cache     @ 0x00007FF6F0700000 -> 0x00007FF6F0F00000 [8mb]
[    0,0856]   VIF Unpack Recompiler Cache      @ 0x00007FF6F8F00000 -> 0x00007FF6F9000000 [1mb]
[    0,0856]   GS Software Renderer             @ 0x00007FF6F9000000 -> 0x00007FF6FD000000 [64mb]
[    0,0901] Fastmem area: 000002A2EFCC0000 - 000002A3EFCBFFFF
[    0,1160] Generating SSE-optimized unpacking functions for VIF interpreters...
[    0,1161] Unpack function generation complete.  Generated function statistics:
[    0,1161]   Reserved buffer    : 1048576 bytes @ 0x00007FF6F8F00000
[    0,1161]   x86 code generated : 7344 bytes
[    0,1161] 
[    0,1169] SDLInputSource: Using Controller DB from resources.
[    0,1780] SDLInputSource: 862 gamepad mappings are loaded.
[    0,2440] Scanning D:\PCSX2\games (recursively)
[    0,2446] Surface refresh rate: 60 hz
[    0,2513] Enumerated 0 devices
[    0,2519] Settings: Advanced Settings are enabled; only proceed if you know what you're doing! No support will be provided if you have the option enabled.
[    0,2522] Loading BIOS...
[    0,2525] BIOS Found: Europe  v02.00(04/11/2004)  Console 20041105-175839
[    0,2588] BIOS rom1 module not found, skipping...
[    0,2589] BIOS rom2 module not found, skipping...
[    0,2592] Mechacon version: 0x00020603
[    0,2593] Opening CDVD...
[    0,2689] isoFile open ok: D:\Ai-Project3\SRB2-PS2-Port\build\ps2-hello\probe.iso
[    0,2690]   Image type  = CD
[    0,2690]   blocks      = 844
[    0,2690]   offset      = 0
[    0,2690]   blocksize   = 2048
[    0,2690]   blockoffset = 24
[    0,2690]  * CDVD Disk Open: CD, 1 tracks (1 to 1):
[    0,2690]  * * Track 1: Data (Mode 1) (844 sectors)
[    0,2691] ISOReader: PVD found at index 0
[    0,2693] ISOReader: PVD found at index 0
[    0,2693] (SYSTEM.CNF) Detected PS2 Disc = cdrom0:\HELLO.ELF;1
[    0,2694] (SYSTEM.CNF) Software version = 1.00
[    0,2694] (SYSTEM.CNF) Disc region type = NTSC
[    0,2694] cdvdLoadElf(): 'cdrom0:\HELLO.ELF;1' -> 'HELLO.ELF' in ISO.
[    0,2719] Initializing Elf: 1673984 bytes
[    0,2736] Initializing Elf: 1673984 bytes
[    0,2739] Disc changed to probe.iso.
[    0,2739]   Name: HELLO.ELF [?]
[    0,2739]   Serial: 
[    0,2739]   Version: 1.00
[    0,2740]   CRC: 85E8EB20
[    0,2740] No game settings found (tried 'D:\PCSX2\gamesettings\85E8EB20.ini')
[    0,2741] Applying settings...
[    0,2750] [Unsafe Settings] Graphics API is not set to Automatic. This may cause performance problems and graphical issues.
[    0,2750] OSD [unsafe_settings_warning]:  Graphics API is not set to Automatic. This may cause performance problems and graphical issues.
[    0,2751] GameDB: Has not been initialized yet, initializing...
[    0,3505] GameDB: 12838 games on record (loaded in 75,38ms)
[    0,3832] Reopening memory cards...
[    0,4554] McdSlot 0 [File]: Mcd001.ps2 [8 MB, UNFORMATTED]
[    0,4557] McdSlot 1 [File]: Mcd002.ps2 [8 MB, UNFORMATTED]
[    0,4574] HLE Host: Set 'host:' root path to: D:\Ai-Project3\SRB2-PS2-Port\build\ps2-hello
[    0,4575] 
[    0,4579] EE/iR5900 Recompiler Reset
[    0,5157] iR3000A Recompiler reset.
[    0,5305] mVU Reset
[    0,5307] mVU Reset
[    0,5431] Resetting host memory for virtual systems...
[    0,9153] Time Zone Offset: GMT+00:00
[    0,9154] Time Zone Location: London
[    0,9154] DST: Winter Time
[    0,9154] Time Format: 24-Hour
[    0,9154] Date Format: YYYY/MM/DD
[    0,9154] System Time Basis: Operating System Time
[    0,9154] Resulting System Time: 2026-10-01 00:24:13
[    0,9154] Close virtual disk tray
[    0,9154] Media already loaded (fast boot)
[    0,9155] Opening GS...
[    0,9191] acquireRenderWindow() recreate=true fullscreen=false render_to_main=false surfaceless=false
[    0,9263] Surface refresh rate: 60 hz
[    1,0176] VK: Enabling extension: VK_KHR_surface
[    1,0177] VK: Enabling extension: VK_KHR_win32_surface
[    1,0177] VK: Enabling extension: VK_KHR_get_surface_capabilities2
[    1,0748] GPU 0: AMD Radeon(TM) Graphics
[    1,0748] 3 vulkan queue families
[    1,0748] VK: Enabling extension: VK_KHR_swapchain
[    1,0748] VK: Enabling extension: VK_KHR_push_descriptor
[    1,0748] VK: Enabling extension: VK_EXT_provoking_vertex
[    1,0749] VK: Enabling extension: VK_EXT_memory_budget
[    1,0749] VK: Enabling extension: VK_EXT_calibrated_timestamps
[    1,0749] VK: Enabling extension: VK_EXT_attachment_feedback_loop_layout
[    1,0749] VK: Enabling extension: VK_EXT_line_rasterization
[    1,0749] VK: Enabling extension: VK_KHR_driver_properties
[    1,0749] VK: Enabling extension: VK_EXT_full_screen_exclusive
[    1,0866] GPU timing is supported (TS=1 TS valid bits=64, TS period=10,000000)
[    1,0869] VK_EXT_provoking_vertex is supported
[    1,0869] VK_EXT_memory_budget is supported
[    1,0869] VK_EXT_calibrated_timestamps is supported
[    1,0870] VK_EXT_rasterization_order_attachment_access is NOT supported
[    1,0870] VK_EXT_swapchain_maintenance1 is NOT supported
[    1,0870] VK_EXT_full_screen_exclusive is supported
[    1,0870] VK_KHR_driver_properties is supported
[    1,0870] VK_EXT_attachment_feedback_loop_layout is supported
[    1,0892] Read 140 entries from 'D:\PCSX2\cache\vulkan_shaders.idx'
[    1,1002] Creating a swap chain with 2 images in present mode VK_PRESENT_MODE_IMMEDIATE_KHR
[    1,1200] Optional features: primitive_id texture_barrier provoking_vertex_last vs_expand
[    1,1200] Using hardware for point expansion and hardware for line expansion.
[    1,4927] Vulkan Graphics Driver Info:
[    1,4928] Driver 2.0.279
[    1,4928] Vulkan 1.3.260
[    1,4928] Conformance Version 1.3.3.1
[    1,4928] 25.8.1 (AMD proprietary shader compiler)
[    1,4928] AMD proprietary driver
[    1,4928] AMD Radeon(TM) Graphics
[    1,5003] Opening SPU2...
[    1,5041] Creating Cubeb audio stream, sample rate = 48000, expansion = Disabled, buffer = 50, latency = 20, stretching enabled, driver = , device = 
[    1,5175] cubeb_wasapi.cpp:1912:default device period: 100000, minimum device period: 30000
[    1,5176] cubeb_wasapi.cpp:1927:Minimum latency in frames: 480
[    1,5176] Minimum latency: 10 ms (480 audio frames)
[    1,5178] Allocated buffer of 38400 frames for buffer of 50 ms [expansion Disabled (block size 2048), stretch enabled, target size 2432].
[    1,5213] cubeb_wasapi.cpp:2617:(000002A2EFC76E20) Setup render: device=0000000000000000
[    1,5237] cubeb_wasapi.cpp:2333:Setup requested=[f=0 r=48000 c=2 l=3] mix=[f=0 r=48000 c=2 l=3]
[    1,6151] cubeb_wasapi.cpp:2431:Buffer size is: 1056 for render
[    1,6151] 
[    1,6157] cubeb_wasapi.cpp:2668:Target sample rate: 48000
[    1,6161] cubeb_resampler_internal.h:553:Input and output sample-rate match, target rate of 48000Hz
[    1,6161] cubeb_wasapi.cpp:2870:Follow the system default input or/and output devices
[    1,6182] cubeb_wasapi.cpp:2898:Stream init successful (000002A2EFC76E20)
[    1,6188] Initializing Pad...
[    1,6188] Initializing SIO2...
[    1,6192] Initializing SIO0...
[    1,6193] Opening DEV9...
[    1,6197] DEV9: DEV9init
[    1,6202] DEV9: DEV9init2
[    1,6202] DEV9: DEV9init3
[    1,6258] DEV9: DEV9init ok
[    1,6258] DEV9: DEV9open
[    1,6258] Opening USB...
[    1,6278] Opening FW...
[    1,6295] Frame rate: 60, target speed: 1, target frame rate: 60, ticks per frame: 166666
[    1,6483] VM subsystems initialized in 1396,28 ms
[    1,6741] # Initialize memory (rev:3.63, ctm:196Mhz, cpuclk:147Mhz detected)
[    1,6934] R3000 Debugger: Branch to 0x890 (SYSMEM). Clearing modules.
[    1,6956] RegisterLibraryEntries: excepman version 1.01
[    1,6997] RegisterLibraryEntries:  intrman version 1.02
[    1,6998] RegisterLibraryEntries:   ssbusc version 1.01
[    1,7001] RegisterLibraryEntries:  dmacman version 1.02
[    1,7005] RegisterLibraryEntries:  timrman version 1.01
[    1,7008] RegisterLibraryEntries:  sysclib version 1.01
[    1,7009] RegisterLibraryEntries:    stdio version 1.01
[    1,7010] RegisterLibraryEntries:  heaplib version 1.01
[    1,7032] RegisterLibraryEntries:   thbase version 1.01
[    1,7033] RegisterLibraryEntries:  thevent version 1.01
[    1,7034] RegisterLibraryEntries:  thsemap version 1.01
[    1,7034] RegisterLibraryEntries:  thmsgbx version 1.01
[    1,7034] RegisterLibraryEntries:  thfpool version 1.01
[    1,7035] RegisterLibraryEntries:  thvpool version 1.01
[    1,7041] Updating psxCounter[5] mode old repeat 1 new 0 old toggle 0 new 0
[    1,7043] RegisterLibraryEntries:   vblank version 1.01
[    1,7048] RegisterLibraryEntries:    ioman version 1.02
[    1,7055] RegisterLibraryEntries:  modload version 1.01
[    1,7059] RegisterLibraryEntries:   romdrv version 2.01
[    1,7061] RegisterLibraryEntries:    stdio version 1.02
[    1,7066] RegisterLibraryEntries:   sifman version 1.01
[    1,7069] 
[    1,7069] PlayStation 2 ======== Hard reset boot
[    1,7071]  ROMGEN=2001-1004, IOP info (CPUID=1f, CACH_CONFIG=0, 2MB, IOP mode)
[    1,7073]  <20041105-175839,ROMconf,PS20200EC20041105.bin:11520>
[    1,7107] # Total accessable memory size: 32 MB (B:2:8:0) (363:2:7c30)
[    1,7121] # TLB spad=0 kernel=1:12 default=13:30 extended=31:38
[    1,8844] # Initialize Start.
[    1,9785] # Initialize GS ...
[    1,9785] # Initialize INTC ...
[    1,9786] # Initialize TIMER ...
[    1,9786] # Initialize DMAC ...
[    1,9791] # Initialize VU1 ...
[    1,9824] # Initialize VIF1 ...
[    1,9839] # Initialize GIF ...
[    1,9839] # Initialize VU0 ...
[    1,9843] # Initialize VIF0 ...
[    1,9843] # Initialize IPU ...
[    1,9861] # Initialize FPU ...
[    1,9865] # Initialize User Memory ...
[    2,0316] # Initialize Scratch Pad ...
[    2,0317] # Initialize Done.
[    2,0334] 
[    2,0335] EE DECI2 Manager version 0.06 Jul  4 2001 16:03:45
[    2,0335]   CPUID=2e20, BoardID=0, ROMGEN=2001-1004, 32M
[    2,0335] 
[    2,0339] RegisterLibraryEntries:   sifcmd version 1.01
[    2,0370] Initializing Elf: 1673984 bytes
[    2,0386] ELF Loading: host:D:\Ai-Project3\SRB2-PS2-Port\build\ps2-hello\HELLO.ELF, Game CRC = 85E8EB20, EntryPoint = 0x00101620
[    2,0431] RegisterLibraryEntries:  cdvdman version 1.01
[    2,0448] RegisterLibraryEntries:  cdvdfsv version 1.01
[    2,0465] RegisterLibraryEntries:  secrman version 1.03
[    2,0467] RegisterLibraryEntries:   eesync version 1.01
[    2,0468] 
[    2,0468] IOP Realtime Kernel Ver.0.9.1
[    2,0468]     Copyright 1999 (C) Sony Computer Entertainment Inc. 
[    2,0473] Reboot service module.(99/11/10)
[    2,0516] cdvd driver module version 0.1.1 (C)SCEI
[    2,0520] Load File service.(99/11/05)
[    2,0521] Multi Threaded Fileio module.(99/11/15) 
[    2,0521] iop heap service (99/11/03)
[    2,0680] loadelf: fname host:D:Ai-Project3SRB2-PS2-Portbuildps2-helloHELLO.ELF secname all
[    2,0680] loadelf version 3.30
[    2,0687] Input ELF format filename = host:D:Ai-Project3SRB2-PS2-Portbuildps2-helloHELLO.ELF
[    2,0690] 1 00100000 0002e908 ...
[    2,0690] Loaded, host:D:Ai-Project3SRB2-PS2-Portbuildps2-helloHELLO.ELF
[    2,0690] start address 0x101620
[    2,0690] gp address 00000000
[    2,0693] eeloadHook2: Supplying launch argument(s) '--disc' to ELF ''.
[    2,0696] # Restart Without Memory Clear.
[    2,0832] # Initialize GS ...
[    2,0833] # Initialize INTC ...
[    2,0833] # Initialize TIMER ...
[    2,0833] # Initialize DMAC ...
[    2,0833] # Initialize VU1 ...
[    2,0836] # Initialize VIF1 ...
[    2,0837] # Initialize GIF ...
[    2,0837] # Initialize VU0 ...
[    2,0837] # Initialize VIF0 ...
[    2,0837] # Initialize IPU ...
[    2,0837] # Initialize FPU ...
[    2,0838] # Initialize Scratch Pad ...
[    2,0838] # Restart Without Memory Clear Done.
[    2,0840] ELF host:D:\Ai-Project3\SRB2-PS2-Port\build\ps2-hello\HELLO.ELF with entry point at 0x00101620 is executing.
[    2,0841] ELF changed, active CRC 85E8EB20 (host:D:\Ai-Project3\SRB2-PS2-Port\build\ps2-hello\HELLO.ELF)
[    2,0854] Applying core settings...
[    2,0861] Updating CPU configuration...
[    2,0861] iR3000A Recompiler reset.
[    2,0910] mVU Reset
[    2,0910] mVU Reset
[    2,1537] iR3000A Recompiler reset.
[    2,1580] mVU Reset
[    2,1581] mVU Reset
[    2,1745] EE/iR5900 Recompiler Reset
[    2,1977] BIOS: Successfully found the instruction pattern. Assuming the thread list is here: 8001a580
[    2,2001] Warning: GetOsdConfigParam2 Reading extended language/version configs, may be incorrect!
[    2,2044] read/write allocate memory 4000
[    2,2046] P0 hello argc=1 argv0=--disc memory=33554432 stack=524288
[    2,2049] P0 aligned64=1 buffers=358144
[    2,2055] P0 div64 match=1 signed=3074457345618258602 negative=-1317624576693539401 unsigned=1085102592571150095 count=566
[    2,2058] open name host:/sentinel.bin flag 1 data 41378
[    2,2059] open fd = 256
[    2,2080] P0 stdio_host bytes=2048 match=1
[    2,2082] loadmodule: fname host:iomanX.irx args 0 arg 
[    2,2878] RegisterLibraryEntries:   iomanx version 1.01
[    2,2885] loadmodule: id 25, ret 0
[    2,2887] P0 module=host:iomanX.irx result=25
[    2,2888] loadmodule: fname host:fileXio.irx args 0 arg 
[    2,2917] fileXio: fileXio: fileXio RPC Server v1.00
[    2,2917] Copyright (c) 2003 adresd
[    2,2918] loadmodule: id 26, ret 0
[    2,2919] P0 module=host:fileXio.irx result=26
[    2,2926] P0 fileXio_host bytes=2048 match=1 count=2165977
[    2,2932] P0 fileXio_write bytes=2048
[    2,2934] loadmodule: fname host:cdfs.irx args 0 arg 
[    2,3026] cdfs Filedriver v2.2
[    2,3027] Re-edited by fjtrujy
[    2,3027] Original implementation
[    2,3027] by A.Lee (aka Hiryu) & Nicholas Van Veen (aka Sjeep)
[    2,3027] CDFS: Initializing 'cdfs' file driver.
[    2,3028] loadmodule: id 27, ret 0
[    2,3030] P0 module=host:cdfs.irx result=27
[    2,3514] P0 fileXio_cdfs bytes=2048 match=1 count=22291601
[    2,3525] P0 stdio_cdfs bytes=2048 match=1
[    2,3556] UpdateVSyncRate: Mode Changed to NTSC.
[    2,3556] Frame rate: 59.829998, target speed: 1, target frame rate: 59.829998, ticks per frame: 167140
[    2,3556] Set GS CRTC configuration. NTSC 640x448 @ 59.940 (59.82) Progressive (FRAME)
[    2,4169] P0 gs_submit count=18438018 tex_vram=573440 clut_vram=671744 tbw=6
[    2,4277] P0 gs_readback result=1 mismatch=0 pixels=64000 first=80ff5500 expected=00ff5500 count=1126916
[    2,4288] loadmodule: fname rom0:LIBSD args 0 arg 
[    2,4296] RegisterLibraryEntries:    libsd version 1.04
[    2,4297] loadmodule: id 28, ret 0
[    2,4298] P0 module=rom0:LIBSD result=28
[    2,4298] loadmodule: fname host:audsrv.irx args 0 arg 
[    2,4401] greetings from version 0.93 !
[    2,4401] RegisterLibraryEntries:   audsrv version 1.04
[    2,4402] audsrv_adpcm_init()
[    2,4421] loadmodule: id 29, ret 0
[    2,4422] P0 module=host:audsrv.irx result=29
[    2,4445] P0 audsrv_init result=0
[    2,4447] P0 audio_format hz=44100 bits=16 channels=2 result=0
[    3,4032] P0 audio bytes=180224 expected=180224 last=4096 count=290540782
[    3,4033] loadmodule: fname host:sio2man.irx args 0 arg 
[    3,4941] RegisterLibraryEntries:  sio2man version 2.07
[    3,4943] RegisterLibraryEntries:  sio2man version 1.02
[    3,4947] loadmodule: id 30, ret 0
[    3,4948] P0 module=host:sio2man.irx result=30
[    3,4949] loadmodule: fname host:padman.irx args 0 arg 
[    3,5046] RegisterLibraryEntries:   padman version 1.02
[    3,5048] Pad Driver for OSD
[    3,5049] loadmodule: id 31, ret 0
[    3,5050] P0 module=host:padman.irx result=31
[    3,5052] [EE] Skipping timeout loop at 0x00103D50 -> 0x00103D70
[    3,5078] P0 pad_init result=1
[    3,5084] P0 pad_open result=1
[    3,7202] Pad: DS2 Config Finished - P1/S1 - AL: Off - AB: Usable - VS: Disabled - VL: Disabled - RB: D (0x00000000)
[    3,7548] P0 pad_analog_request result=1
[    3,8205] Pad: DS2 Config Finished - P1/S1 - AL: On - AB: Locked - VS: Disabled - VL: Disabled - RB: D (0x00000000)
[    4,0210] Pad: DS2 Config Finished - P1/S1 - AL: On - AB: Locked - VS: Disabled - VL: Disabled - RB: D (0x00000000)
[    4,2555] P0 pad state=6 read=32 buttons=ffff mode=73 sticks=127,127,127,127 count=230239791
[    4,2893] audsrv_adpcm_init()
[    4,2900] P0 COMPLETE failures=0 total_count=576537823
[    4,2901] loadmodule: fname host:poweroff.irx args 0 arg 
[    4,3905] RegisterLibraryEntries: poweroff version 1.01
[    4,3908] Poweroff_Handler: Poweroff installed
[    4,3910] loadmodule: id 32, ret 0
[    4,3911] P0 module=host:poweroff.irx result=32
[    4,3915] P0 poweroff_init result=0
[    4,3917] P0 poweroff_request
[    4,3918] sceCdPowerOff called. Shutting down VM.
[    4,6520] cubeb_wasapi.cpp:2985:Stream destroy called, decrementing ref count (000002A2EFC76E20)
[    4,6521] cubeb_wasapi.cpp:1803:000002A2EFC76E20: Stop and join render thread: 0000000000000A00
[    4,7335] cubeb_wasapi.cpp:2953:Stream ref count hit zero, destroying (000002A2EFC76E20)
[    4,7436] DEV9: DEV9close
[    4,7723] Skipping updating pipeline cache 'D:\PCSX2\cache\vulkan_pipelines.bin' due to no changes.
[    4,8129] DEV9: DEV9shutdown
[    4,8136] NVRAM has not changed, not writing to disk.
[    4,8696] Releasing host memory for virtual systems...
