ELF Header:
  Magic:   7f 45 4c 46 01 01 01 00 01 00 00 00 00 00 00 00 
  Class:                             ELF32
  Data:                              2's complement, little endian
  Version:                           1 (current)
  OS/ABI:                            UNIX - System V
  ABI Version:                       1
  Type:                              EXEC (Executable file)
  Machine:                           MIPS R3000
  Version:                           0x1
  Entry point address:               0x101620
  Start of program headers:          52 (bytes into file)
  Start of section headers:          1672864 (bytes into file)
  Flags:                             0x20920025, noreorder, cpic, abi2, 5900, mips3
  Size of this header:               52 (bytes)
  Size of program headers:           32 (bytes)
  Number of program headers:         2
  Size of section headers:           40 (bytes)
  Number of section headers:         28
  Section header string table index: 27
